../Core/Src/main.c:63:5:_write	24	static
../Core/Src/main.c:73:5:main	16	static
../Core/Src/main.c:130:13:Print_Banner	8	static
../Core/Src/main.c:137:13:Check_Boot_Reason	24	static
../Core/Src/main.c:190:13:Check_Hardware_Trigger	16	static
../Core/Src/main.c:207:13:Enter_OTA_Mode	16	static
../Core/Src/main.c:231:13:Enter_App_Mode	16	static
../Core/Src/main.c:250:13:goto_application	24	static,ignoring_inline_asm
../Core/Src/main.c:277:6:SystemClock_Config	88	static
../Core/Src/main.c:307:13:MX_CRC_Init	8	static
../Core/Src/main.c:316:13:MX_USART2_UART_Init	8	static
../Core/Src/main.c:332:13:MX_USART3_UART_Init	8	static
../Core/Src/main.c:348:13:MX_GPIO_Init	40	static
../Core/Src/main.c:370:6:Error_Handler	4	static,ignoring_inline_asm
