../Core/Src/main.c:65:5:_write	24	static
../Core/Src/main.c:75:5:main	16	static
../Core/Src/main.c:133:13:Check_Watchdog_Reset	88	static
../Core/Src/main.c:191:13:Print_Banner	8	static
../Core/Src/main.c:198:13:Check_Boot_Reason	24	static
../Core/Src/main.c:251:13:Check_Hardware_Trigger	16	static
../Core/Src/main.c:268:13:Enter_OTA_Mode	16	static
../Core/Src/main.c:292:13:Enter_App_Mode	16	static
../Core/Src/main.c:311:13:goto_application	24	static,ignoring_inline_asm
../Core/Src/main.c:338:6:SystemClock_Config	88	static
../Core/Src/main.c:368:13:MX_CRC_Init	8	static
../Core/Src/main.c:377:13:MX_USART2_UART_Init	8	static
../Core/Src/main.c:393:13:MX_USART3_UART_Init	8	static
../Core/Src/main.c:409:13:MX_GPIO_Init	40	static
../Core/Src/main.c:431:6:Error_Handler	4	static,ignoring_inline_asm
